******************************************************************************
                  MSP430 Linker Unix v16.9.6                   
******************************************************************************
>> Linked Mon Jan 29 21:04:56 2018

OUTPUT FILE NAME:   <ECE554_C.out>
ENTRY POINT SYMBOL: "_c_int00_noargs_noexit"  address: 00004400


MEMORY CONFIGURATION

         name            origin    length      used     unused   attr    fill
----------------------  --------  ---------  --------  --------  ----  --------
  SFR                   00000000   00000010  00000000  00000010  RWIX
  PERIPHERALS_8BIT      00000010   000000f0  00000000  000000f0  RWIX
  PERIPHERALS_16BIT     00000100   00000100  00000000  00000100  RWIX
  INFOD                 00001800   00000080  00000000  00000080  RWIX
  INFOC                 00001880   00000080  00000000  00000080  RWIX
  INFOB                 00001900   00000080  00000000  00000080  RWIX
  INFOA                 00001980   00000080  00000000  00000080  RWIX
  USBRAM                00001c00   00000800  00000000  00000800  RWIX
  RAM                   00002400   00002000  00000106  00001efa  RWIX
  FLASH                 00004400   0000bb80  00000470  0000b710  RWIX
  INT00                 0000ff80   00000002  00000000  00000002  RWIX
  INT01                 0000ff82   00000002  00000000  00000002  RWIX
  INT02                 0000ff84   00000002  00000000  00000002  RWIX
  INT03                 0000ff86   00000002  00000000  00000002  RWIX
  INT04                 0000ff88   00000002  00000000  00000002  RWIX
  INT05                 0000ff8a   00000002  00000000  00000002  RWIX
  INT06                 0000ff8c   00000002  00000000  00000002  RWIX
  INT07                 0000ff8e   00000002  00000000  00000002  RWIX
  INT08                 0000ff90   00000002  00000000  00000002  RWIX
  INT09                 0000ff92   00000002  00000000  00000002  RWIX
  INT10                 0000ff94   00000002  00000000  00000002  RWIX
  INT11                 0000ff96   00000002  00000000  00000002  RWIX
  INT12                 0000ff98   00000002  00000000  00000002  RWIX
  INT13                 0000ff9a   00000002  00000000  00000002  RWIX
  INT14                 0000ff9c   00000002  00000000  00000002  RWIX
  INT15                 0000ff9e   00000002  00000000  00000002  RWIX
  INT16                 0000ffa0   00000002  00000000  00000002  RWIX
  INT17                 0000ffa2   00000002  00000000  00000002  RWIX
  INT18                 0000ffa4   00000002  00000000  00000002  RWIX
  INT19                 0000ffa6   00000002  00000000  00000002  RWIX
  INT20                 0000ffa8   00000002  00000000  00000002  RWIX
  INT21                 0000ffaa   00000002  00000000  00000002  RWIX
  INT22                 0000ffac   00000002  00000000  00000002  RWIX
  INT23                 0000ffae   00000002  00000000  00000002  RWIX
  INT24                 0000ffb0   00000002  00000000  00000002  RWIX
  INT25                 0000ffb2   00000002  00000000  00000002  RWIX
  INT26                 0000ffb4   00000002  00000000  00000002  RWIX
  INT27                 0000ffb6   00000002  00000000  00000002  RWIX
  INT28                 0000ffb8   00000002  00000000  00000002  RWIX
  INT29                 0000ffba   00000002  00000000  00000002  RWIX
  INT30                 0000ffbc   00000002  00000000  00000002  RWIX
  INT31                 0000ffbe   00000002  00000000  00000002  RWIX
  INT32                 0000ffc0   00000002  00000000  00000002  RWIX
  INT33                 0000ffc2   00000002  00000000  00000002  RWIX
  INT34                 0000ffc4   00000002  00000000  00000002  RWIX
  INT35                 0000ffc6   00000002  00000000  00000002  RWIX
  INT36                 0000ffc8   00000002  00000000  00000002  RWIX
  INT37                 0000ffca   00000002  00000000  00000002  RWIX
  INT38                 0000ffcc   00000002  00000000  00000002  RWIX
  INT39                 0000ffce   00000002  00000000  00000002  RWIX
  INT40                 0000ffd0   00000002  00000000  00000002  RWIX
  INT41                 0000ffd2   00000002  00000002  00000000  RWIX
  INT42                 0000ffd4   00000002  00000002  00000000  RWIX
  INT43                 0000ffd6   00000002  00000002  00000000  RWIX
  INT44                 0000ffd8   00000002  00000002  00000000  RWIX
  INT45                 0000ffda   00000002  00000002  00000000  RWIX
  INT46                 0000ffdc   00000002  00000002  00000000  RWIX
  INT47                 0000ffde   00000002  00000002  00000000  RWIX
  INT48                 0000ffe0   00000002  00000002  00000000  RWIX
  INT49                 0000ffe2   00000002  00000002  00000000  RWIX
  INT50                 0000ffe4   00000002  00000002  00000000  RWIX
  INT51                 0000ffe6   00000002  00000002  00000000  RWIX
  INT52                 0000ffe8   00000002  00000002  00000000  RWIX
  INT53                 0000ffea   00000002  00000002  00000000  RWIX
  INT54                 0000ffec   00000002  00000002  00000000  RWIX
  INT55                 0000ffee   00000002  00000002  00000000  RWIX
  INT56                 0000fff0   00000002  00000002  00000000  RWIX
  INT57                 0000fff2   00000002  00000002  00000000  RWIX
  INT58                 0000fff4   00000002  00000002  00000000  RWIX
  INT59                 0000fff6   00000002  00000002  00000000  RWIX
  INT60                 0000fff8   00000002  00000002  00000000  RWIX
  INT61                 0000fffa   00000002  00000002  00000000  RWIX
  INT62                 0000fffc   00000002  00000002  00000000  RWIX
  RESET                 0000fffe   00000002  00000002  00000000  RWIX
  FLASH2                00010000   00014400  0000206e  00012392  RWIX


SECTION ALLOCATION MAP

 output                                  attributes/
section   page    origin      length       input sections
--------  ----  ----------  ----------   ----------------
.data      0    00002400    00000040     UNINITIALIZED
                  00002400    0000002c     Crystalfontz128x128_ST7735.obj (.data:g_sCrystalfontz128x128)
                  0000242c    0000000c     main.obj (.data)
                  00002438    00000008     ucs.obj (.data)

.bss       0    00002440    00000026     UNINITIALIZED
                  00002440    0000001c     (.common:g_sContext)
                  0000245c    00000002     (.common:Lcd_ScreenHeigth)
                  0000245e    00000002     (.common:Lcd_ScreenWidth)
                  00002460    00000002     (.common:Lcd_TouchTrim)
                  00002462    00000001     (.common:Lcd_FlagRead)
                  00002463    00000001     (.common:Lcd_FontSolid)
                  00002464    00000001     (.common:Lcd_Orientation)
                  00002465    00000001     (.common:Lcd_PenSolid)

.stack     0    00004360    000000a0     UNINITIALIZED
                  00004360    00000004     rts430x_lc_rd_eabi.lib : boot.obj (.stack)
                  00004364    0000009c     --HOLE--

.text:_isr 
*          0    00004400    00000022     
                  00004400    0000001a     rts430x_lc_rd_eabi.lib : boot_special.obj (.text:_isr:_c_int00_noargs_noexit)
                  0000441a    00000008                            : isr_trap.obj (.text:_isr:__TI_ISR_TRAP)

.cinit     0    0000481e    00000052     
                  0000481e    00000030     (.cinit..data.load) [load image, compression = lzss]
                  0000484e    0000000c     (__TI_handler_table)
                  0000485a    00000006     (.cinit..bss.load) [load image, compression = zero_init]
                  00004860    00000010     (__TI_cinit_table)

.binit     0    00004400    00000000     

.init_array 
*          0    00004400    00000000     UNINITIALIZED

.const     0    00004422    000003fc     
                  00004422    000002f8     fontfixed6x8.obj (.const:.string:g_pucFontFixed6x8Data)
                  0000471a    000000c8     fontfixed6x8.obj (.const:g_sFontFixed6x8)
                  000047e2    0000001c     gpio.obj (.const:GPIO_PORT_TO_BASE)
                  000047fe    0000000e     HAL_MSP_F5529LP_Crystalfontz128x128_ST7735.obj (.const:$P$T0$1)
                  0000480c    0000000a     main.obj (.const:.string)
                  00004816    00000008     Crystalfontz128x128_ST7735.obj (.const:$P$T0$1)

RTC        0    0000ffd2    00000002     
                  0000ffd2    00000002     rts430x_lc_rd_eabi.lib : int41.obj (.int41)

PORT2      0    0000ffd4    00000002     
                  0000ffd4    00000002     rts430x_lc_rd_eabi.lib : int42.obj (.int42)

TIMER2_A1 
*          0    0000ffd6    00000002     
                  0000ffd6    00000002     rts430x_lc_rd_eabi.lib : int43.obj (.int43)

TIMER2_A0 
*          0    0000ffd8    00000002     
                  0000ffd8    00000002     rts430x_lc_rd_eabi.lib : int44.obj (.int44)

USCI_B1    0    0000ffda    00000002     
                  0000ffda    00000002     rts430x_lc_rd_eabi.lib : int45.obj (.int45)

USCI_A1    0    0000ffdc    00000002     
                  0000ffdc    00000002     rts430x_lc_rd_eabi.lib : int46.obj (.int46)

PORT1      0    0000ffde    00000002     
                  0000ffde    00000002     rts430x_lc_rd_eabi.lib : int47.obj (.int47)

TIMER1_A1 
*          0    0000ffe0    00000002     
                  0000ffe0    00000002     rts430x_lc_rd_eabi.lib : int48.obj (.int48)

TIMER1_A0 
*          0    0000ffe2    00000002     
                  0000ffe2    00000002     rts430x_lc_rd_eabi.lib : int49.obj (.int49)

DMA        0    0000ffe4    00000002     
                  0000ffe4    00000002     rts430x_lc_rd_eabi.lib : int50.obj (.int50)

USB_UBM    0    0000ffe6    00000002     
                  0000ffe6    00000002     rts430x_lc_rd_eabi.lib : int51.obj (.int51)

TIMER0_A1 
*          0    0000ffe8    00000002     
                  0000ffe8    00000002     rts430x_lc_rd_eabi.lib : int52.obj (.int52)

TIMER0_A0 
*          0    0000ffea    00000002     
                  0000ffea    00000002     rts430x_lc_rd_eabi.lib : int53.obj (.int53)

ADC12      0    0000ffec    00000002     
                  0000ffec    00000002     rts430x_lc_rd_eabi.lib : int54.obj (.int54)

USCI_B0    0    0000ffee    00000002     
                  0000ffee    00000002     rts430x_lc_rd_eabi.lib : int55.obj (.int55)

USCI_A0    0    0000fff0    00000002     
                  0000fff0    00000002     rts430x_lc_rd_eabi.lib : int56.obj (.int56)

WDT        0    0000fff2    00000002     
                  0000fff2    00000002     rts430x_lc_rd_eabi.lib : int57.obj (.int57)

TIMER0_B1 
*          0    0000fff4    00000002     
                  0000fff4    00000002     rts430x_lc_rd_eabi.lib : int58.obj (.int58)

TIMER0_B0 
*          0    0000fff6    00000002     
                  0000fff6    00000002     rts430x_lc_rd_eabi.lib : int59.obj (.int59)

COMP_B     0    0000fff8    00000002     
                  0000fff8    00000002     rts430x_lc_rd_eabi.lib : int60.obj (.int60)

UNMI       0    0000fffa    00000002     
                  0000fffa    00000002     rts430x_lc_rd_eabi.lib : int61.obj (.int61)

SYSNMI     0    0000fffc    00000002     
                  0000fffc    00000002     rts430x_lc_rd_eabi.lib : int62.obj (.int62)

.reset     0    0000fffe    00000002     
                  0000fffe    00000002     rts430x_lc_rd_eabi.lib : boot.obj (.reset)

.text      0    00010000    0000206e     
                  00010000    00000810     string.obj (.text:Graphics_drawString)
                  00010810    000003aa     circle.obj (.text:Graphics_fillCircle)
                  00010bba    00000142     Crystalfontz128x128_ST7735.obj (.text:Crystalfontz128x128_PixelDrawMultiple)
                  00010cfc    0000012e     Crystalfontz128x128_ST7735.obj (.text:Crystalfontz128x128_Init)
                  00010e2a    00000108     ucs.obj (.text:privateUCSSourceClockFromDCO)
                  00010f32    000000e6     main.obj (.text:main)
                  00011018    000000e2     ucs.obj (.text:UCS_initFLL)
                  000110fa    000000e0     pmm.obj (.text:PMM_setVCoreUp)
                  000111da    000000de     ucs.obj (.text:privateUCSComputeCLKFrequency)
                  000112b8    000000dc     line.obj (.text:Graphics_drawLineH)
                  00011394    000000c2     string.obj (.text:Graphics_getStringWidth)
                  00011456    000000ae     rectangle.obj (.text:Graphics_fillRectangle)
                  00011504    000000a8     Crystalfontz128x128_ST7735.obj (.text:Crystalfontz128x128_SetDrawFrame)
                  000115ac    000000a6     ucs.obj (.text:UCS_initClockSignal)
                  00011652    000000a2     pmm.obj (.text:PMM_setVCoreDown)
                  000116f4    00000082     rts430x_lc_rd_eabi.lib : autoinit_wdt.obj (.text:_auto_init_hold_wdt)
                  00011776    00000078     string.obj (.text:Graphics_drawStringCentered)
                  000117ee    00000076     rts430x_lc_rd_eabi.lib : copy_decompress_lzss.obj (.text:decompress:lzss:__TI_decompress_lzss)
                  00011864    00000064                            : cpy_tbl.obj (.text:copy_in)
                  000118c8    0000005c     usci_b_spi.obj (.text:USCI_B_SPI_initMaster)
                  00011924    0000005a     Crystalfontz128x128_ST7735.obj (.text:Crystalfontz128x128_RectFill)
                  0001197e    00000058     rts430x_lc_rd_eabi.lib : div32u.obj (.text)
                  000119d6    00000054     HAL_MSP_F5529LP_Crystalfontz128x128_ST7735.obj (.text:HAL_LCD_SpiInit)
                  00011a2a    00000052     pmm.obj (.text:PMM_setVCore)
                  00011a7c    0000004a     string.obj (.text:Graphics_getNumberOfLeadingZeros)
                  00011ac6    00000046     Crystalfontz128x128_ST7735.obj (.text:Crystalfontz128x128_SetOrientation)
                  00011b0c    00000042     Crystalfontz128x128_ST7735.obj (.text:Crystalfontz128x128_ColorTranslate)
                  00011b4e    00000040     rts430x_lc_rd_eabi.lib : div32s.obj (.text)
                  00011b8e    0000003e                            : lsr32.obj (.text:l_lsr_const)
                  00011bcc    0000003c     Crystalfontz128x128_ST7735.obj (.text:Crystalfontz128x128_LineDrawV)
                  00011c08    0000003c     context.obj (.text:Graphics_initContext)
                  00011c44    0000003a     Crystalfontz128x128_ST7735.obj (.text:Crystalfontz128x128_LineDrawH)
                  00011c7e    0000003a     HAL_MSP_F5529LP_Crystalfontz128x128_ST7735.obj (.text:HAL_LCD_writeCommand)
                  00011cb8    00000036     ucs.obj (.text:UCS_initFLLSettle)
                  00011cee    00000034     HAL_MSP_F5529LP_Crystalfontz128x128_ST7735.obj (.text:HAL_LCD_PortInit)
                  00011d22    0000002e     Crystalfontz128x128_ST7735.obj (.text:Crystalfontz128x128_PixelDraw)
                  00011d50    0000002c     Crystalfontz128x128_ST7735.obj (.text:Crystalfontz128x128_ClearScreen)
                  00011d7c    0000002c     rts430x_lc_rd_eabi.lib : div16s.obj (.text)
                  00011da8    0000002a     HAL_MSP_F5529LP_Crystalfontz128x128_ST7735.obj (.text:HAL_LCD_writeData)
                  00011dd2    0000002a     main.obj (.text:initClocks)
                  00011dfc    00000028     gpio.obj (.text:GPIO_setAsOutputPin)
                  00011e24    00000028     gpio.obj (.text:GPIO_setAsPeripheralModuleFunctionOutputPin)
                  00011e4c    00000024     rts430x_lc_rd_eabi.lib : copy_zero_init.obj (.text:decompress:ZI:__TI_zero_init)
                  00011e70    00000024                            : mult32_f5hw.obj (.text)
                  00011e94    00000020     wdt_a.obj (.text:WDT_A_hold)
                  00011eb4    0000001e     ucs.obj (.text:UCS_getACLK)
                  00011ed2    0000001c     gpio.obj (.text:GPIO_setOutputHighOnPin)
                  00011eee    0000001c     gpio.obj (.text:GPIO_setOutputLowOnPin)
                  00011f0a    0000001a     display.obj (.text:Graphics_drawHorizontalLineOnDisplay)
                  00011f24    0000001a     ucs.obj (.text:UCS_getSMCLK)
                  00011f3e    00000018     context.obj (.text:Graphics_setBackgroundColor)
                  00011f56    00000018     context.obj (.text:Graphics_setForegroundColor)
                  00011f6e    00000018     rts430x_lc_rd_eabi.lib : mult16_f5hw.obj (.text)
                  00011f86    00000016     ucs.obj (.text:UCS_getMCLK)
                  00011f9c    00000016     rts430x_lc_rd_eabi.lib : div16u.obj (.text)
                  00011fb2    00000014                            : memcpy.obj (.text:memcpy)
                  00011fc6    00000012                            : copy_decompress_none.obj (.text:decompress:none:__TI_decompress_none)
                  00011fd8    00000010     context.obj (.text:Graphics_clearDisplay)
                  00011fe8    0000000e     display.obj (.text:Graphics_clearDisplayOnDisplay)
                  00011ff6    0000000e     display.obj (.text:Graphics_drawPixelOnDisplay)
                  00012004    0000000e     display.obj (.text:Graphics_fillRectangleOnDisplay)
                  00012012    0000000e     display.obj (.text:Graphics_translateColorOnDisplay)
                  00012020    0000000c     usci_b_spi.obj (.text:USCI_B_SPI_isBusy)
                  0001202c    0000000a     usci_b_spi.obj (.text:USCI_B_SPI_transmitData)
                  00012036    0000000a     main.obj (.text:initWatchdog)
                  00012040    0000000a     rts430x_lc_rd_eabi.lib : lsl16.obj (.text)
                  0001204a    0000000a                            : lsr16.obj (.text)
                  00012054    00000006     context.obj (.text:Graphics_setFont)
                  0001205a    00000006     usci_b_spi.obj (.text:USCI_B_SPI_enable)
                  00012060    00000006     rts430x_lc_rd_eabi.lib : exit.obj (.text:abort)
                  00012066    00000004                            : pre_init.obj (.text:_system_pre_init)
                  0001206a    00000002     Crystalfontz128x128_ST7735.obj (.text:Crystalfontz128x128_Flush)
                  0001206c    00000002     rts430x_lc_rd_eabi.lib : startup.obj (.text:_system_post_cinit)

MODULE SUMMARY

       Module                                           code   ro data   rw data
       ------                                           ----   -------   -------
    ./
       main.obj                                         282    10        40     
    +--+------------------------------------------------+------+---------+---------+
       Total:                                           282    10        40     
                                                                                
    ./LcdDriver/
       Crystalfontz128x128_ST7735.obj                   1228   8         54     
       HAL_MSP_F5529LP_Crystalfontz128x128_ST7735.obj   236    14        0      
    +--+------------------------------------------------+------+---------+---------+
       Total:                                           1464   22        54     
                                                                                
    ./driverlib/MSP430F5xx_6xx/
       ucs.obj                                          1010   0         8      
       pmm.obj                                          468    0         0      
       gpio.obj                                         136    28        0      
       usci_b_spi.obj                                   120    0         0      
       wdt_a.obj                                        32     0         0      
    +--+------------------------------------------------+------+---------+---------+
       Total:                                           1766   28        8      
                                                                                
    ./fonts/
       fontfixed6x8.obj                                 0      960       0      
    +--+------------------------------------------------+------+---------+---------+
       Total:                                           0      960       0      
                                                                                
    ./grlib/
       string.obj                                       2452   0         0      
       circle.obj                                       938    0         0      
       line.obj                                         220    0         0      
       rectangle.obj                                    174    0         0      
       context.obj                                      130    0         0      
       display.obj                                      82     0         0      
    +--+------------------------------------------------+------+---------+---------+
       Total:                                           3996   0         0      
                                                                                
    /Applications/ti/ccsv7/tools/compiler/ti-cgt-msp430_16.9.6.LTS/lib/rts430x_lc_rd_eabi.lib
       autoinit_wdt.obj                                 130    0         0      
       copy_decompress_lzss.obj                         118    0         0      
       cpy_tbl.obj                                      100    0         0      
       div32u.obj                                       88     0         0      
       div32s.obj                                       64     0         0      
       lsr32.obj                                        62     0         0      
       div16s.obj                                       44     0         0      
       copy_zero_init.obj                               36     0         0      
       mult32_f5hw.obj                                  36     0         0      
       boot_special.obj                                 26     0         0      
       mult16_f5hw.obj                                  24     0         0      
       div16u.obj                                       22     0         0      
       memcpy.obj                                       20     0         0      
       copy_decompress_none.obj                         18     0         0      
       lsl16.obj                                        10     0         0      
       lsr16.obj                                        10     0         0      
       isr_trap.obj                                     8      0         0      
       exit.obj                                         6      0         0      
       pre_init.obj                                     4      0         0      
       boot.obj                                         0      2         0      
       int41.obj                                        0      2         0      
       int42.obj                                        0      2         0      
       int43.obj                                        0      2         0      
       int44.obj                                        0      2         0      
       int45.obj                                        0      2         0      
       int46.obj                                        0      2         0      
       int47.obj                                        0      2         0      
       int48.obj                                        0      2         0      
       int49.obj                                        0      2         0      
       int50.obj                                        0      2         0      
       int51.obj                                        0      2         0      
       int52.obj                                        0      2         0      
       int53.obj                                        0      2         0      
       int54.obj                                        0      2         0      
       int55.obj                                        0      2         0      
       int56.obj                                        0      2         0      
       int57.obj                                        0      2         0      
       int58.obj                                        0      2         0      
       int59.obj                                        0      2         0      
       int60.obj                                        0      2         0      
       int61.obj                                        0      2         0      
       int62.obj                                        0      2         0      
       startup.obj                                      2      0         0      
    +--+------------------------------------------------+------+---------+---------+
       Total:                                           828    46        0      
                                                                                
       Stack:                                           0      0         160    
       Linker Generated:                                0      82        0      
    +--+------------------------------------------------+------+---------+---------+
       Grand Total:                                     8336   1148      262    


LINKER GENERATED COPY TABLES

__TI_cinit_table @ 00004860 records: 2, size/record: 8, table size: 16
	.data: load addr=0000481e, load size=00000030 bytes, run addr=00002400, run size=00000040 bytes, compression=lzss
	.bss: load addr=0000485a, load size=00000006 bytes, run addr=00002440, run size=00000026 bytes, compression=zero_init


LINKER GENERATED HANDLER TABLE

__TI_handler_table @ 0000484e records: 3, size/record: 4, table size: 12
	index: 0, handler: __TI_zero_init
	index: 1, handler: __TI_decompress_lzss
	index: 2, handler: __TI_decompress_none


GLOBAL SYMBOLS: SORTED ALPHABETICALLY BY Name 

address   name                                       
-------   ----                                       
00000700  ADC12CTL0                                  
00000701  ADC12CTL0_H                                
00000700  ADC12CTL0_L                                
00000702  ADC12CTL1                                  
00000703  ADC12CTL1_H                                
00000702  ADC12CTL1_L                                
00000704  ADC12CTL2                                  
00000705  ADC12CTL2_H                                
00000704  ADC12CTL2_L                                
0000070c  ADC12IE                                    
0000070d  ADC12IE_H                                  
0000070c  ADC12IE_L                                  
0000070a  ADC12IFG                                   
0000070b  ADC12IFG_H                                 
0000070a  ADC12IFG_L                                 
0000070e  ADC12IV                                    
0000070f  ADC12IV_H                                  
0000070e  ADC12IV_L                                  
00000710  ADC12MCTL0                                 
00000711  ADC12MCTL1                                 
0000071a  ADC12MCTL10                                
0000071b  ADC12MCTL11                                
0000071c  ADC12MCTL12                                
0000071d  ADC12MCTL13                                
0000071e  ADC12MCTL14                                
0000071f  ADC12MCTL15                                
00000712  ADC12MCTL2                                 
00000713  ADC12MCTL3                                 
00000714  ADC12MCTL4                                 
00000715  ADC12MCTL5                                 
00000716  ADC12MCTL6                                 
00000717  ADC12MCTL7                                 
00000718  ADC12MCTL8                                 
00000719  ADC12MCTL9                                 
00000720  ADC12MEM0                                  
00000721  ADC12MEM0_H                                
00000720  ADC12MEM0_L                                
00000722  ADC12MEM1                                  
00000734  ADC12MEM10                                 
00000735  ADC12MEM10_H                               
00000734  ADC12MEM10_L                               
00000736  ADC12MEM11                                 
00000737  ADC12MEM11_H                               
00000736  ADC12MEM11_L                               
00000738  ADC12MEM12                                 
00000739  ADC12MEM12_H                               
00000738  ADC12MEM12_L                               
0000073a  ADC12MEM13                                 
0000073b  ADC12MEM13_H                               
0000073a  ADC12MEM13_L                               
0000073c  ADC12MEM14                                 
0000073d  ADC12MEM14_H                               
0000073c  ADC12MEM14_L                               
0000073e  ADC12MEM15                                 
0000073f  ADC12MEM15_H                               
0000073e  ADC12MEM15_L                               
00000723  ADC12MEM1_H                                
00000722  ADC12MEM1_L                                
00000724  ADC12MEM2                                  
00000725  ADC12MEM2_H                                
00000724  ADC12MEM2_L                                
00000726  ADC12MEM3                                  
00000727  ADC12MEM3_H                                
00000726  ADC12MEM3_L                                
00000728  ADC12MEM4                                  
00000729  ADC12MEM4_H                                
00000728  ADC12MEM4_L                                
0000072a  ADC12MEM5                                  
0000072b  ADC12MEM5_H                                
0000072a  ADC12MEM5_L                                
0000072c  ADC12MEM6                                  
0000072d  ADC12MEM6_H                                
0000072c  ADC12MEM6_L                                
0000072e  ADC12MEM7                                  
0000072f  ADC12MEM7_H                                
0000072e  ADC12MEM7_L                                
00000730  ADC12MEM8                                  
00000731  ADC12MEM8_H                                
00000730  ADC12MEM8_L                                
00000732  ADC12MEM9                                  
00000733  ADC12MEM9_H                                
00000732  ADC12MEM9_L                                
00012060  C$$EXIT                                    
000008c0  CBCTL0                                     
000008c1  CBCTL0_H                                   
000008c0  CBCTL0_L                                   
000008c2  CBCTL1                                     
000008c3  CBCTL1_H                                   
000008c2  CBCTL1_L                                   
000008c4  CBCTL2                                     
000008c5  CBCTL2_H                                   
000008c4  CBCTL2_L                                   
000008c6  CBCTL3                                     
000008c7  CBCTL3_H                                   
000008c6  CBCTL3_L                                   
000008cc  CBINT                                      
000008cd  CBINT_H                                    
000008cc  CBINT_L                                    
000008ce  CBIV                                       
00000150  CRCDI                                      
00000152  CRCDIRB                                    
00000153  CRCDIRB_H                                  
00000152  CRCDIRB_L                                  
00000151  CRCDI_H                                    
00000150  CRCDI_L                                    
00000154  CRCINIRES                                  
00000155  CRCINIRES_H                                
00000154  CRCINIRES_L                                
00000156  CRCRESR                                    
00000157  CRCRESR_H                                  
00000156  CRCRESR_L                                  
00010cfc  Crystalfontz128x128_Init                   
00011504  Crystalfontz128x128_SetDrawFrame           
00011ac6  Crystalfontz128x128_SetOrientation         
00000510  DMA0CTL                                    
00000511  DMA0CTL_H                                  
00000510  DMA0CTL_L                                  
00000516  DMA0DA                                     
00000518  DMA0DAH                                    
00000516  DMA0DAL                                    
00000512  DMA0SA                                     
00000514  DMA0SAH                                    
00000512  DMA0SAL                                    
0000051a  DMA0SZ                                     
00000520  DMA1CTL                                    
00000521  DMA1CTL_H                                  
00000520  DMA1CTL_L                                  
00000526  DMA1DA                                     
00000528  DMA1DAH                                    
00000526  DMA1DAL                                    
00000522  DMA1SA                                     
00000524  DMA1SAH                                    
00000522  DMA1SAL                                    
0000052a  DMA1SZ                                     
00000530  DMA2CTL                                    
00000531  DMA2CTL_H                                  
00000530  DMA2CTL_L                                  
00000536  DMA2DA                                     
00000538  DMA2DAH                                    
00000536  DMA2DAL                                    
00000532  DMA2SA                                     
00000534  DMA2SAH                                    
00000532  DMA2SAL                                    
0000053a  DMA2SZ                                     
00000500  DMACTL0                                    
00000501  DMACTL0_H                                  
00000500  DMACTL0_L                                  
00000502  DMACTL1                                    
00000503  DMACTL1_H                                  
00000502  DMACTL1_L                                  
00000504  DMACTL2                                    
00000505  DMACTL2_H                                  
00000504  DMACTL2_L                                  
00000506  DMACTL3                                    
00000507  DMACTL3_H                                  
00000506  DMACTL3_L                                  
00000508  DMACTL4                                    
00000509  DMACTL4_H                                  
00000508  DMACTL4_L                                  
0000050e  DMAIV                                      
0000050f  DMAIV_H                                    
0000050e  DMAIV_L                                    
00000140  FCTL1                                      
00000141  FCTL1_H                                    
00000140  FCTL1_L                                    
00000144  FCTL3                                      
00000145  FCTL3_H                                    
00000144  FCTL3_L                                    
00000146  FCTL4                                      
00000147  FCTL4_H                                    
00000146  FCTL4_L                                    
00011dfc  GPIO_setAsOutputPin                        
00011e24  GPIO_setAsPeripheralModuleFunctionOutputPin
00011ed2  GPIO_setOutputHighOnPin                    
00011eee  GPIO_setOutputLowOnPin                     
00011fd8  Graphics_clearDisplay                      
00011fe8  Graphics_clearDisplayOnDisplay             
00011f0a  Graphics_drawHorizontalLineOnDisplay       
000112b8  Graphics_drawLineH                         
00011ff6  Graphics_drawPixelOnDisplay                
00010000  Graphics_drawString                        
00011776  Graphics_drawStringCentered                
00010810  Graphics_fillCircle                        
00011456  Graphics_fillRectangle                     
00012004  Graphics_fillRectangleOnDisplay            
00011394  Graphics_getStringWidth                    
00011c08  Graphics_initContext                       
00011f3e  Graphics_setBackgroundColor                
00012054  Graphics_setFont                           
00011f56  Graphics_setForegroundColor                
00012012  Graphics_translateColorOnDisplay           
00011cee  HAL_LCD_PortInit                           
000119d6  HAL_LCD_SpiInit                            
00011c7e  HAL_LCD_writeCommand                       
00011da8  HAL_LCD_writeData                          
00002462  Lcd_FlagRead                               
00002463  Lcd_FontSolid                              
00002464  Lcd_Orientation                            
00002465  Lcd_PenSolid                               
0000245c  Lcd_ScreenHeigth                           
0000245e  Lcd_ScreenWidth                            
00002460  Lcd_TouchTrim                              
000004c4  MAC                                        
000004da  MAC32H                                     
000004db  MAC32H_H                                   
000004da  MAC32H_L                                   
000004d8  MAC32L                                     
000004d9  MAC32L_H                                   
000004d8  MAC32L_L                                   
000004c6  MACS                                       
000004de  MACS32H                                    
000004df  MACS32H_H                                  
000004de  MACS32H_L                                  
000004dc  MACS32L                                    
000004dd  MACS32L_H                                  
000004dc  MACS32L_L                                  
000004c7  MACS_H                                     
000004c6  MACS_L                                     
000004c5  MAC_H                                      
000004c4  MAC_L                                      
000004c0  MPY                                        
000004ec  MPY32CTL0                                  
000004ed  MPY32CTL0_H                                
000004ec  MPY32CTL0_L                                
000004d2  MPY32H                                     
000004d3  MPY32H_H                                   
000004d2  MPY32H_L                                   
000004d0  MPY32L                                     
000004d1  MPY32L_H                                   
000004d0  MPY32L_L                                   
000004c2  MPYS                                       
000004d6  MPYS32H                                    
000004d7  MPYS32H_H                                  
000004d6  MPYS32H_L                                  
000004d4  MPYS32L                                    
000004d5  MPYS32L_H                                  
000004d4  MPYS32L_L                                  
000004c3  MPYS_H                                     
000004c2  MPYS_L                                     
000004c1  MPY_H                                      
000004c0  MPY_L                                      
000004c8  OP2                                        
000004e2  OP2H                                       
000004e3  OP2H_H                                     
000004e2  OP2H_L                                     
000004e0  OP2L                                       
000004e1  OP2L_H                                     
000004e0  OP2L_L                                     
000004c9  OP2_H                                      
000004c8  OP2_L                                      
0000020e  P1IV                                       
0000021e  P2IV                                       
000001e0  P4MAP01                                    
000001e1  P4MAP01_H                                  
000001e0  P4MAP01_L                                  
000001e2  P4MAP23                                    
000001e3  P4MAP23_H                                  
000001e2  P4MAP23_L                                  
000001e4  P4MAP45                                    
000001e5  P4MAP45_H                                  
000001e4  P4MAP45_L                                  
000001e6  P4MAP67                                    
000001e7  P4MAP67_H                                  
000001e6  P4MAP67_L                                  
00000204  PADIR                                      
00000205  PADIR_H                                    
00000204  PADIR_L                                    
00000208  PADS                                       
00000209  PADS_H                                     
00000208  PADS_L                                     
0000021a  PAIE                                       
00000218  PAIES                                      
00000219  PAIES_H                                    
00000218  PAIES_L                                    
0000021b  PAIE_H                                     
0000021a  PAIE_L                                     
0000021c  PAIFG                                      
0000021d  PAIFG_H                                    
0000021c  PAIFG_L                                    
00000200  PAIN                                       
00000201  PAIN_H                                     
00000200  PAIN_L                                     
00000202  PAOUT                                      
00000203  PAOUT_H                                    
00000202  PAOUT_L                                    
00000206  PAREN                                      
00000207  PAREN_H                                    
00000206  PAREN_L                                    
0000020a  PASEL                                      
0000020b  PASEL_H                                    
0000020a  PASEL_L                                    
00000224  PBDIR                                      
00000225  PBDIR_H                                    
00000224  PBDIR_L                                    
00000228  PBDS                                       
00000229  PBDS_H                                     
00000228  PBDS_L                                     
00000220  PBIN                                       
00000221  PBIN_H                                     
00000220  PBIN_L                                     
00000222  PBOUT                                      
00000223  PBOUT_H                                    
00000222  PBOUT_L                                    
00000226  PBREN                                      
00000227  PBREN_H                                    
00000226  PBREN_L                                    
0000022a  PBSEL                                      
0000022b  PBSEL_H                                    
0000022a  PBSEL_L                                    
00000244  PCDIR                                      
00000245  PCDIR_H                                    
00000244  PCDIR_L                                    
00000248  PCDS                                       
00000249  PCDS_H                                     
00000248  PCDS_L                                     
00000240  PCIN                                       
00000241  PCIN_H                                     
00000240  PCIN_L                                     
00000242  PCOUT                                      
00000243  PCOUT_H                                    
00000242  PCOUT_L                                    
00000246  PCREN                                      
00000247  PCREN_H                                    
00000246  PCREN_L                                    
0000024a  PCSEL                                      
0000024b  PCSEL_H                                    
0000024a  PCSEL_L                                    
00000264  PDDIR                                      
00000265  PDDIR_H                                    
00000264  PDDIR_L                                    
00000268  PDDS                                       
00000269  PDDS_H                                     
00000268  PDDS_L                                     
00000260  PDIN                                       
00000261  PDIN_H                                     
00000260  PDIN_L                                     
00000262  PDOUT                                      
00000263  PDOUT_H                                    
00000262  PDOUT_L                                    
00000266  PDREN                                      
00000267  PDREN_H                                    
00000266  PDREN_L                                    
0000026a  PDSEL                                      
0000026b  PDSEL_H                                    
0000026a  PDSEL_L                                    
00000324  PJDIR                                      
00000325  PJDIR_H                                    
00000324  PJDIR_L                                    
00000328  PJDS                                       
00000329  PJDS_H                                     
00000328  PJDS_L                                     
00000320  PJIN                                       
00000321  PJIN_H                                     
00000320  PJIN_L                                     
00000322  PJOUT                                      
00000323  PJOUT_H                                    
00000322  PJOUT_L                                    
00000326  PJREN                                      
00000327  PJREN_H                                    
00000326  PJREN_L                                    
00000130  PM5CTL0                                    
00000131  PM5CTL0_H                                  
00000130  PM5CTL0_L                                  
000001c2  PMAPCTL                                    
000001c3  PMAPCTL_H                                  
000001c2  PMAPCTL_L                                  
000001c0  PMAPKEYID                                  
000001c1  PMAPKEYID_H                                
000001c0  PMAPKEYID_L                                
00000120  PMMCTL0                                    
00000121  PMMCTL0_H                                  
00000120  PMMCTL0_L                                  
00000122  PMMCTL1                                    
00000123  PMMCTL1_H                                  
00000122  PMMCTL1_L                                  
0000012c  PMMIFG                                     
0000012d  PMMIFG_H                                   
0000012c  PMMIFG_L                                   
0000012e  PMMRIE                                     
0000012f  PMMRIE_H                                   
0000012e  PMMRIE_L                                   
00011a2a  PMM_setVCore                               
00011652  PMM_setVCoreDown                           
000110fa  PMM_setVCoreUp                             
00000158  RCCTL0                                     
00000159  RCCTL0_H                                   
00000158  RCCTL0_L                                   
000001b0  REFCTL0                                    
000001b1  REFCTL0_H                                  
000001b0  REFCTL0_L                                  
000004e4  RES0                                       
000004e5  RES0_H                                     
000004e4  RES0_L                                     
000004e6  RES1                                       
000004e7  RES1_H                                     
000004e6  RES1_L                                     
000004e8  RES2                                       
000004e9  RES2_H                                     
000004e8  RES2_L                                     
000004ea  RES3                                       
000004eb  RES3_H                                     
000004ea  RES3_L                                     
000004cc  RESHI                                      
000004cd  RESHI_H                                    
000004cc  RESHI_L                                    
000004ca  RESLO                                      
000004cb  RESLO_H                                    
000004ca  RESLO_L                                    
000004ba  RTCADOWDAY                                 
000004bb  RTCADOWDAY_H                               
000004ba  RTCADOWDAY_L                               
000004b8  RTCAMINHR                                  
000004b9  RTCAMINHR_H                                
000004b8  RTCAMINHR_L                                
000004a0  RTCCTL01                                   
000004a1  RTCCTL01_H                                 
000004a0  RTCCTL01_L                                 
000004a2  RTCCTL23                                   
000004a3  RTCCTL23_H                                 
000004a2  RTCCTL23_L                                 
000004b4  RTCDATE                                    
000004b5  RTCDATE_H                                  
000004b4  RTCDATE_L                                  
000004ae  RTCIV                                      
000004ac  RTCPS                                      
000004a8  RTCPS0CTL                                  
000004a9  RTCPS0CTL_H                                
000004a8  RTCPS0CTL_L                                
000004aa  RTCPS1CTL                                  
000004ab  RTCPS1CTL_H                                
000004aa  RTCPS1CTL_L                                
000004ad  RTCPS_H                                    
000004ac  RTCPS_L                                    
000004b0  RTCTIM0                                    
000004b1  RTCTIM0_H                                  
000004b0  RTCTIM0_L                                  
000004b2  RTCTIM1                                    
000004b3  RTCTIM1_H                                  
000004b2  RTCTIM1_L                                  
000004b6  RTCYEAR                                    
000004b7  RTCYEAR_H                                  
000004b6  RTCYEAR_L                                  
00000100  SFRIE1                                     
00000101  SFRIE1_H                                   
00000100  SFRIE1_L                                   
00000102  SFRIFG1                                    
00000103  SFRIFG1_H                                  
00000102  SFRIFG1_L                                  
00000104  SFRRPCR                                    
00000105  SFRRPCR_H                                  
00000104  SFRRPCR_L                                  
000004ce  SUMEXT                                     
000004cf  SUMEXT_H                                   
000004ce  SUMEXT_L                                   
00000124  SVSMHCTL                                   
00000125  SVSMHCTL_H                                 
00000124  SVSMHCTL_L                                 
00000128  SVSMIO                                     
00000129  SVSMIO_H                                   
00000128  SVSMIO_L                                   
00000126  SVSMLCTL                                   
00000127  SVSMLCTL_H                                 
00000126  SVSMLCTL_L                                 
00000198  SYSBERRIV                                  
00000199  SYSBERRIV_H                                
00000198  SYSBERRIV_L                                
00000182  SYSBSLC                                    
00000183  SYSBSLC_H                                  
00000182  SYSBSLC_L                                  
00000180  SYSCTL                                     
00000181  SYSCTL_H                                   
00000180  SYSCTL_L                                   
00000186  SYSJMBC                                    
00000187  SYSJMBC_H                                  
00000186  SYSJMBC_L                                  
00000188  SYSJMBI0                                   
00000189  SYSJMBI0_H                                 
00000188  SYSJMBI0_L                                 
0000018a  SYSJMBI1                                   
0000018b  SYSJMBI1_H                                 
0000018a  SYSJMBI1_L                                 
0000018c  SYSJMBO0                                   
0000018d  SYSJMBO0_H                                 
0000018c  SYSJMBO0_L                                 
0000018e  SYSJMBO1                                   
0000018f  SYSJMBO1_H                                 
0000018e  SYSJMBO1_L                                 
0000019e  SYSRSTIV                                   
0000019f  SYSRSTIV_H                                 
0000019e  SYSRSTIV_L                                 
0000019c  SYSSNIV                                    
0000019d  SYSSNIV_H                                  
0000019c  SYSSNIV_L                                  
0000019a  SYSUNIV                                    
0000019b  SYSUNIV_H                                  
0000019a  SYSUNIV_L                                  
00000352  TA0CCR0                                    
00000354  TA0CCR1                                    
00000356  TA0CCR2                                    
00000358  TA0CCR3                                    
0000035a  TA0CCR4                                    
00000342  TA0CCTL0                                   
00000344  TA0CCTL1                                   
00000346  TA0CCTL2                                   
00000348  TA0CCTL3                                   
0000034a  TA0CCTL4                                   
00000340  TA0CTL                                     
00000360  TA0EX0                                     
0000036e  TA0IV                                      
00000350  TA0R                                       
00000392  TA1CCR0                                    
00000394  TA1CCR1                                    
00000396  TA1CCR2                                    
00000382  TA1CCTL0                                   
00000384  TA1CCTL1                                   
00000386  TA1CCTL2                                   
00000380  TA1CTL                                     
000003a0  TA1EX0                                     
000003ae  TA1IV                                      
00000390  TA1R                                       
00000412  TA2CCR0                                    
00000414  TA2CCR1                                    
00000416  TA2CCR2                                    
00000402  TA2CCTL0                                   
00000404  TA2CCTL1                                   
00000406  TA2CCTL2                                   
00000400  TA2CTL                                     
00000420  TA2EX0                                     
0000042e  TA2IV                                      
00000410  TA2R                                       
000003d2  TB0CCR0                                    
000003d4  TB0CCR1                                    
000003d6  TB0CCR2                                    
000003d8  TB0CCR3                                    
000003da  TB0CCR4                                    
000003dc  TB0CCR5                                    
000003de  TB0CCR6                                    
000003c2  TB0CCTL0                                   
000003c4  TB0CCTL1                                   
000003c6  TB0CCTL2                                   
000003c8  TB0CCTL3                                   
000003ca  TB0CCTL4                                   
000003cc  TB0CCTL5                                   
000003ce  TB0CCTL6                                   
000003c0  TB0CTL                                     
000003e0  TB0EX0                                     
000003ee  TB0IV                                      
000003d0  TB0R                                       
000005d0  UCA0ABCTL                                  
000005c6  UCA0BRW                                    
000005c7  UCA0BRW_H                                  
000005c6  UCA0BRW_L                                  
000005c0  UCA0CTLW0                                  
000005c1  UCA0CTLW0_H                                
000005c0  UCA0CTLW0_L                                
000005dc  UCA0ICTL                                   
000005dd  UCA0ICTL_H                                 
000005dc  UCA0ICTL_L                                 
000005d2  UCA0IRCTL                                  
000005d3  UCA0IRCTL_H                                
000005d2  UCA0IRCTL_L                                
000005de  UCA0IV                                     
000005c8  UCA0MCTL                                   
000005cc  UCA0RXBUF                                  
000005ca  UCA0STAT                                   
000005ce  UCA0TXBUF                                  
00000610  UCA1ABCTL                                  
00000606  UCA1BRW                                    
00000607  UCA1BRW_H                                  
00000606  UCA1BRW_L                                  
00000600  UCA1CTLW0                                  
00000601  UCA1CTLW0_H                                
00000600  UCA1CTLW0_L                                
0000061c  UCA1ICTL                                   
0000061d  UCA1ICTL_H                                 
0000061c  UCA1ICTL_L                                 
00000612  UCA1IRCTL                                  
00000613  UCA1IRCTL_H                                
00000612  UCA1IRCTL_L                                
0000061e  UCA1IV                                     
00000608  UCA1MCTL                                   
0000060c  UCA1RXBUF                                  
0000060a  UCA1STAT                                   
0000060e  UCA1TXBUF                                  
000005e6  UCB0BRW                                    
000005e7  UCB0BRW_H                                  
000005e6  UCB0BRW_L                                  
000005e0  UCB0CTLW0                                  
000005e1  UCB0CTLW0_H                                
000005e0  UCB0CTLW0_L                                
000005f0  UCB0I2COA                                  
000005f1  UCB0I2COA_H                                
000005f0  UCB0I2COA_L                                
000005f2  UCB0I2CSA                                  
000005f3  UCB0I2CSA_H                                
000005f2  UCB0I2CSA_L                                
000005fc  UCB0ICTL                                   
000005fd  UCB0ICTL_H                                 
000005fc  UCB0ICTL_L                                 
000005fe  UCB0IV                                     
000005ec  UCB0RXBUF                                  
000005ea  UCB0STAT                                   
000005ee  UCB0TXBUF                                  
00000626  UCB1BRW                                    
00000627  UCB1BRW_H                                  
00000626  UCB1BRW_L                                  
00000620  UCB1CTLW0                                  
00000621  UCB1CTLW0_H                                
00000620  UCB1CTLW0_L                                
00000630  UCB1I2COA                                  
00000631  UCB1I2COA_H                                
00000630  UCB1I2COA_L                                
00000632  UCB1I2CSA                                  
00000633  UCB1I2CSA_H                                
00000632  UCB1I2CSA_L                                
0000063c  UCB1ICTL                                   
0000063d  UCB1ICTL_H                                 
0000063c  UCB1ICTL_L                                 
0000063e  UCB1IV                                     
0000062c  UCB1RXBUF                                  
0000062a  UCB1STAT                                   
0000062e  UCB1TXBUF                                  
00000160  UCSCTL0                                    
00000161  UCSCTL0_H                                  
00000160  UCSCTL0_L                                  
00000162  UCSCTL1                                    
00000163  UCSCTL1_H                                  
00000162  UCSCTL1_L                                  
00000164  UCSCTL2                                    
00000165  UCSCTL2_H                                  
00000164  UCSCTL2_L                                  
00000166  UCSCTL3                                    
00000167  UCSCTL3_H                                  
00000166  UCSCTL3_L                                  
00000168  UCSCTL4                                    
00000169  UCSCTL4_H                                  
00000168  UCSCTL4_L                                  
0000016a  UCSCTL5                                    
0000016b  UCSCTL5_H                                  
0000016a  UCSCTL5_L                                  
0000016c  UCSCTL6                                    
0000016d  UCSCTL6_H                                  
0000016c  UCSCTL6_L                                  
0000016e  UCSCTL7                                    
0000016f  UCSCTL7_H                                  
0000016e  UCSCTL7_L                                  
00000170  UCSCTL8                                    
00000171  UCSCTL8_H                                  
00000170  UCSCTL8_L                                  
00011eb4  UCS_getACLK                                
00011f86  UCS_getMCLK                                
00011f24  UCS_getSMCLK                               
000115ac  UCS_initClockSignal                        
00011018  UCS_initFLL                                
00011cb8  UCS_initFLLSettle                          
00000902  USBCNF                                     
00000903  USBCNF_H                                   
00000902  USBCNF_L                                   
0000093c  USBCTL                                     
0000093a  USBFN                                      
0000093b  USBFN_H                                    
0000093a  USBFN_L                                    
0000093f  USBFUNADR                                  
0000093d  USBIE                                      
00002378  USBIEP0BUF                                 
000023c9  USBIEPBBAX_1                               
000023d1  USBIEPBBAX_2                               
000023d9  USBIEPBBAX_3                               
000023e1  USBIEPBBAX_4                               
000023e9  USBIEPBBAX_5                               
000023f1  USBIEPBBAX_6                               
000023f9  USBIEPBBAX_7                               
000023cd  USBIEPBBAY_1                               
000023d5  USBIEPBBAY_2                               
000023dd  USBIEPBBAY_3                               
000023e5  USBIEPBBAY_4                               
000023ed  USBIEPBBAY_5                               
000023f5  USBIEPBBAY_6                               
000023fd  USBIEPBBAY_7                               
000023ca  USBIEPBCTX_1                               
000023d2  USBIEPBCTX_2                               
000023da  USBIEPBCTX_3                               
000023e2  USBIEPBCTX_4                               
000023ea  USBIEPBCTX_5                               
000023f2  USBIEPBCTX_6                               
000023fa  USBIEPBCTX_7                               
000023ce  USBIEPBCTY_1                               
000023d6  USBIEPBCTY_2                               
000023de  USBIEPBCTY_3                               
000023e6  USBIEPBCTY_4                               
000023ee  USBIEPBCTY_5                               
000023f6  USBIEPBCTY_6                               
000023fe  USBIEPBCTY_7                               
00000920  USBIEPCNF_0                                
000023c8  USBIEPCNF_1                                
000023d0  USBIEPCNF_2                                
000023d8  USBIEPCNF_3                                
000023e0  USBIEPCNF_4                                
000023e8  USBIEPCNF_5                                
000023f0  USBIEPCNF_6                                
000023f8  USBIEPCNF_7                                
00000921  USBIEPCNT_0                                
0000092e  USBIEPIE                                   
00000930  USBIEPIFG                                  
000023cf  USBIEPSIZXY_1                              
000023d7  USBIEPSIZXY_2                              
000023df  USBIEPSIZXY_3                              
000023e7  USBIEPSIZXY_4                              
000023ef  USBIEPSIZXY_5                              
000023f7  USBIEPSIZXY_6                              
000023ff  USBIEPSIZXY_7                              
0000093e  USBIFG                                     
00000900  USBKEYID                                   
00000901  USBKEYID_H                                 
00000900  USBKEYID_L                                 
00000936  USBMAINT                                   
00000937  USBMAINT_H                                 
00000936  USBMAINT_L                                 
00002370  USBOEP0BUF                                 
00002389  USBOEPBBAX_1                               
00002391  USBOEPBBAX_2                               
00002399  USBOEPBBAX_3                               
000023a1  USBOEPBBAX_4                               
000023a9  USBOEPBBAX_5                               
000023b1  USBOEPBBAX_6                               
000023b9  USBOEPBBAX_7                               
0000238d  USBOEPBBAY_1                               
00002395  USBOEPBBAY_2                               
0000239d  USBOEPBBAY_3                               
000023a5  USBOEPBBAY_4                               
000023ad  USBOEPBBAY_5                               
000023b5  USBOEPBBAY_6                               
000023bd  USBOEPBBAY_7                               
0000238a  USBOEPBCTX_1                               
00002392  USBOEPBCTX_2                               
0000239a  USBOEPBCTX_3                               
000023a2  USBOEPBCTX_4                               
000023aa  USBOEPBCTX_5                               
000023b2  USBOEPBCTX_6                               
000023ba  USBOEPBCTX_7                               
0000238e  USBOEPBCTY_1                               
00002396  USBOEPBCTY_2                               
0000239e  USBOEPBCTY_3                               
000023a6  USBOEPBCTY_4                               
000023ae  USBOEPBCTY_5                               
000023b6  USBOEPBCTY_6                               
000023be  USBOEPBCTY_7                               
00000922  USBOEPCNF_0                                
00002388  USBOEPCNF_1                                
00002390  USBOEPCNF_2                                
00002398  USBOEPCNF_3                                
000023a0  USBOEPCNF_4                                
000023a8  USBOEPCNF_5                                
000023b0  USBOEPCNF_6                                
000023b8  USBOEPCNF_7                                
00000923  USBOEPCNT_0                                
0000092f  USBOEPIE                                   
00000931  USBOEPIFG                                  
0000238f  USBOEPSIZXY_1                              
00002397  USBOEPSIZXY_2                              
0000239f  USBOEPSIZXY_3                              
000023a7  USBOEPSIZXY_4                              
000023af  USBOEPSIZXY_5                              
000023b7  USBOEPSIZXY_6                              
000023bf  USBOEPSIZXY_7                              
00000904  USBPHYCTL                                  
00000905  USBPHYCTL_H                                
00000904  USBPHYCTL_L                                
00000910  USBPLLCTL                                  
00000911  USBPLLCTL_H                                
00000910  USBPLLCTL_L                                
00000912  USBPLLDIVB                                 
00000913  USBPLLDIVB_H                               
00000912  USBPLLDIVB_L                               
00000914  USBPLLIR                                   
00000915  USBPLLIR_H                                 
00000914  USBPLLIR_L                                 
00000908  USBPWRCTL                                  
00000909  USBPWRCTL_H                                
00000908  USBPWRCTL_L                                
00001c00  USBSTABUFF                                 
00002380  USBSUBLK                                   
0000236f  USBTOPBUFF                                 
00000938  USBTSREG                                   
00000939  USBTSREG_H                                 
00000938  USBTSREG_L                                 
00000932  USBVECINT                                  
00000933  USBVECINT_H                                
00000932  USBVECINT_L                                
0001205a  USCI_B_SPI_enable                          
000118c8  USCI_B_SPI_initMaster                      
00012020  USCI_B_SPI_isBusy                          
0001202c  USCI_B_SPI_transmitData                    
0000015c  WDTCTL                                     
0000015d  WDTCTL_H                                   
0000015c  WDTCTL_L                                   
00011e94  WDT_A_hold                                 
00004400  __STACK_END                                
000000a0  __STACK_SIZE                               
UNDEFED   __TI_BINIT_Base                            
UNDEFED   __TI_BINIT_Limit                           
00004860  __TI_CINIT_Base                            
00004870  __TI_CINIT_Limit                           
0000484e  __TI_Handler_Table_Base                    
0000485a  __TI_Handler_Table_Limit                   
UNDEFED   __TI_INITARRAY_Base                        
UNDEFED   __TI_INITARRAY_Limit                       
0000441a  __TI_ISR_TRAP                              
000117ee  __TI_decompress_lzss                       
00011fc6  __TI_decompress_none                       
0000ffd2  __TI_int41                                 
0000ffd4  __TI_int42                                 
0000ffd6  __TI_int43                                 
0000ffd8  __TI_int44                                 
0000ffda  __TI_int45                                 
0000ffdc  __TI_int46                                 
0000ffde  __TI_int47                                 
0000ffe0  __TI_int48                                 
0000ffe2  __TI_int49                                 
0000ffe4  __TI_int50                                 
0000ffe6  __TI_int51                                 
0000ffe8  __TI_int52                                 
0000ffea  __TI_int53                                 
0000ffec  __TI_int54                                 
0000ffee  __TI_int55                                 
0000fff0  __TI_int56                                 
0000fff2  __TI_int57                                 
0000fff4  __TI_int58                                 
0000fff6  __TI_int59                                 
0000fff8  __TI_int60                                 
0000fffa  __TI_int61                                 
0000fffc  __TI_int62                                 
ffffffff  __TI_pprof_out_hndl                        
ffffffff  __TI_prof_data_size                        
ffffffff  __TI_prof_data_start                       
00011e4c  __TI_zero_init                             
ffffffff  __c_args__                                 
00011d7c  __mspabi_divi                              
00011b4e  __mspabi_divli                             
00011f9c  __mspabi_divu                              
0001197e  __mspabi_divul                             
00011f6e  __mspabi_mpyi_f5hw                         
00011e70  __mspabi_mpyl_f5hw                         
00011d7c  __mspabi_remi                              
00011b4e  __mspabi_remli                             
00011f9c  __mspabi_remu                              
0001197e  __mspabi_remul                             
00012040  __mspabi_slli                              
0001204a  __mspabi_srli                              
00011bc6  __mspabi_srll_1                            
00011ba2  __mspabi_srll_10                           
00011b9e  __mspabi_srll_11                           
00011b9a  __mspabi_srll_12                           
00011b96  __mspabi_srll_13                           
00011b92  __mspabi_srll_14                           
00011b8e  __mspabi_srll_15                           
00011bc2  __mspabi_srll_2                            
00011bbe  __mspabi_srll_3                            
00011bba  __mspabi_srll_4                            
00011bb6  __mspabi_srll_5                            
00011bb2  __mspabi_srll_6                            
00011bae  __mspabi_srll_7                            
00011baa  __mspabi_srll_8                            
00011ba6  __mspabi_srll_9                            
000116f4  _auto_init_hold_wdt                        
00004400  _c_int00_noargs_noexit                     
0000fffe  _reset_vector                              
00004360  _stack                                     
0001206c  _system_post_cinit                         
00012066  _system_pre_init                           
00012060  abort                                      
00011864  copy_in                                    
00002440  g_sContext                                 
00002400  g_sCrystalfontz128x128                     
0000471a  g_sFontFixed6x8                            
00011dd2  initClocks                                 
00012036  initWatchdog                               
00010f32  main                                       
00011fb2  memcpy                                     
0000242c  myACLK                                     
00002434  myMCLK                                     
00002430  mySMCLK                                    


GLOBAL SYMBOLS: SORTED BY Symbol Address 

address   name                                       
-------   ----                                       
000000a0  __STACK_SIZE                               
00000100  SFRIE1                                     
00000100  SFRIE1_L                                   
00000101  SFRIE1_H                                   
00000102  SFRIFG1                                    
00000102  SFRIFG1_L                                  
00000103  SFRIFG1_H                                  
00000104  SFRRPCR                                    
00000104  SFRRPCR_L                                  
00000105  SFRRPCR_H                                  
00000120  PMMCTL0                                    
00000120  PMMCTL0_L                                  
00000121  PMMCTL0_H                                  
00000122  PMMCTL1                                    
00000122  PMMCTL1_L                                  
00000123  PMMCTL1_H                                  
00000124  SVSMHCTL                                   
00000124  SVSMHCTL_L                                 
00000125  SVSMHCTL_H                                 
00000126  SVSMLCTL                                   
00000126  SVSMLCTL_L                                 
00000127  SVSMLCTL_H                                 
00000128  SVSMIO                                     
00000128  SVSMIO_L                                   
00000129  SVSMIO_H                                   
0000012c  PMMIFG                                     
0000012c  PMMIFG_L                                   
0000012d  PMMIFG_H                                   
0000012e  PMMRIE                                     
0000012e  PMMRIE_L                                   
0000012f  PMMRIE_H                                   
00000130  PM5CTL0                                    
00000130  PM5CTL0_L                                  
00000131  PM5CTL0_H                                  
00000140  FCTL1                                      
00000140  FCTL1_L                                    
00000141  FCTL1_H                                    
00000144  FCTL3                                      
00000144  FCTL3_L                                    
00000145  FCTL3_H                                    
00000146  FCTL4                                      
00000146  FCTL4_L                                    
00000147  FCTL4_H                                    
00000150  CRCDI                                      
00000150  CRCDI_L                                    
00000151  CRCDI_H                                    
00000152  CRCDIRB                                    
00000152  CRCDIRB_L                                  
00000153  CRCDIRB_H                                  
00000154  CRCINIRES                                  
00000154  CRCINIRES_L                                
00000155  CRCINIRES_H                                
00000156  CRCRESR                                    
00000156  CRCRESR_L                                  
00000157  CRCRESR_H                                  
00000158  RCCTL0                                     
00000158  RCCTL0_L                                   
00000159  RCCTL0_H                                   
0000015c  WDTCTL                                     
0000015c  WDTCTL_L                                   
0000015d  WDTCTL_H                                   
00000160  UCSCTL0                                    
00000160  UCSCTL0_L                                  
00000161  UCSCTL0_H                                  
00000162  UCSCTL1                                    
00000162  UCSCTL1_L                                  
00000163  UCSCTL1_H                                  
00000164  UCSCTL2                                    
00000164  UCSCTL2_L                                  
00000165  UCSCTL2_H                                  
00000166  UCSCTL3                                    
00000166  UCSCTL3_L                                  
00000167  UCSCTL3_H                                  
00000168  UCSCTL4                                    
00000168  UCSCTL4_L                                  
00000169  UCSCTL4_H                                  
0000016a  UCSCTL5                                    
0000016a  UCSCTL5_L                                  
0000016b  UCSCTL5_H                                  
0000016c  UCSCTL6                                    
0000016c  UCSCTL6_L                                  
0000016d  UCSCTL6_H                                  
0000016e  UCSCTL7                                    
0000016e  UCSCTL7_L                                  
0000016f  UCSCTL7_H                                  
00000170  UCSCTL8                                    
00000170  UCSCTL8_L                                  
00000171  UCSCTL8_H                                  
00000180  SYSCTL                                     
00000180  SYSCTL_L                                   
00000181  SYSCTL_H                                   
00000182  SYSBSLC                                    
00000182  SYSBSLC_L                                  
00000183  SYSBSLC_H                                  
00000186  SYSJMBC                                    
00000186  SYSJMBC_L                                  
00000187  SYSJMBC_H                                  
00000188  SYSJMBI0                                   
00000188  SYSJMBI0_L                                 
00000189  SYSJMBI0_H                                 
0000018a  SYSJMBI1                                   
0000018a  SYSJMBI1_L                                 
0000018b  SYSJMBI1_H                                 
0000018c  SYSJMBO0                                   
0000018c  SYSJMBO0_L                                 
0000018d  SYSJMBO0_H                                 
0000018e  SYSJMBO1                                   
0000018e  SYSJMBO1_L                                 
0000018f  SYSJMBO1_H                                 
00000198  SYSBERRIV                                  
00000198  SYSBERRIV_L                                
00000199  SYSBERRIV_H                                
0000019a  SYSUNIV                                    
0000019a  SYSUNIV_L                                  
0000019b  SYSUNIV_H                                  
0000019c  SYSSNIV                                    
[...]
00000633  UCB1I2CSA_H                                
0000063c  UCB1ICTL                                   
0000063c  UCB1ICTL_L                                 
0000063d  UCB1ICTL_H                                 
0000063e  UCB1IV                                     
00000700  ADC12CTL0                                  
00000700  ADC12CTL0_L                                
00000701  ADC12CTL0_H                                
00000702  ADC12CTL1                                  
00000702  ADC12CTL1_L                                
00000703  ADC12CTL1_H                                
00000704  ADC12CTL2                                  
00000704  ADC12CTL2_L                                
00000705  ADC12CTL2_H                                
0000070a  ADC12IFG                                   
0000070a  ADC12IFG_L                                 
0000070b  ADC12IFG_H                                 
0000070c  ADC12IE                                    
0000070c  ADC12IE_L                                  
0000070d  ADC12IE_H                                  
0000070e  ADC12IV                                    
0000070e  ADC12IV_L                                  
0000070f  ADC12IV_H                                  
00000710  ADC12MCTL0                                 
00000711  ADC12MCTL1                                 
00000712  ADC12MCTL2                                 
00000713  ADC12MCTL3                                 
00000714  ADC12MCTL4                                 
00000715  ADC12MCTL5                                 
00000716  ADC12MCTL6                                 
00000717  ADC12MCTL7                                 
00000718  ADC12MCTL8                                 
00000719  ADC12MCTL9                                 
0000071a  ADC12MCTL10                                
0000071b  ADC12MCTL11                                
0000071c  ADC12MCTL12                                
0000071d  ADC12MCTL13                                
0000071e  ADC12MCTL14                                
0000071f  ADC12MCTL15                                
00000720  ADC12MEM0                                  
00000720  ADC12MEM0_L                                
00000721  ADC12MEM0_H                                
00000722  ADC12MEM1                                  
00000722  ADC12MEM1_L                                
00000723  ADC12MEM1_H                                
00000724  ADC12MEM2                                  
00000724  ADC12MEM2_L                                
00000725  ADC12MEM2_H                                
00000726  ADC12MEM3                                  
00000726  ADC12MEM3_L                                
00000727  ADC12MEM3_H                                
00000728  ADC12MEM4                                  
00000728  ADC12MEM4_L                                
00000729  ADC12MEM4_H                                
0000072a  ADC12MEM5                                  
0000072a  ADC12MEM5_L                                
0000072b  ADC12MEM5_H                                
0000072c  ADC12MEM6                                  
0000072c  ADC12MEM6_L                                
0000072d  ADC12MEM6_H                                
0000072e  ADC12MEM7                                  
0000072e  ADC12MEM7_L                                
0000072f  ADC12MEM7_H                                
00000730  ADC12MEM8                                  
00000730  ADC12MEM8_L                                
00000731  ADC12MEM8_H                                
00000732  ADC12MEM9                                  
00000732  ADC12MEM9_L                                
00000733  ADC12MEM9_H                                
00000734  ADC12MEM10                                 
00000734  ADC12MEM10_L                               
00000735  ADC12MEM10_H                               
00000736  ADC12MEM11                                 
00000736  ADC12MEM11_L                               
00000737  ADC12MEM11_H                               
00000738  ADC12MEM12                                 
00000738  ADC12MEM12_L                               
00000739  ADC12MEM12_H                               
0000073a  ADC12MEM13                                 
0000073a  ADC12MEM13_L                               
0000073b  ADC12MEM13_H                               
0000073c  ADC12MEM14                                 
0000073c  ADC12MEM14_L                               
0000073d  ADC12MEM14_H                               
0000073e  ADC12MEM15                                 
0000073e  ADC12MEM15_L                               
0000073f  ADC12MEM15_H                               
000008c0  CBCTL0                                     
000008c0  CBCTL0_L                                   
000008c1  CBCTL0_H                                   
000008c2  CBCTL1                                     
000008c2  CBCTL1_L                                   
000008c3  CBCTL1_H                                   
000008c4  CBCTL2                                     
000008c4  CBCTL2_L                                   
000008c5  CBCTL2_H                                   
000008c6  CBCTL3                                     
000008c6  CBCTL3_L                                   
000008c7  CBCTL3_H                                   
000008cc  CBINT                                      
000008cc  CBINT_L                                    
000008cd  CBINT_H                                    
000008ce  CBIV                                       
00000900  USBKEYID                                   
00000900  USBKEYID_L                                 
00000901  USBKEYID_H                                 
00000902  USBCNF                                     
00000902  USBCNF_L                                   
00000903  USBCNF_H                                   
00000904  USBPHYCTL                                  
00000904  USBPHYCTL_L                                
00000905  USBPHYCTL_H                                
00000908  USBPWRCTL                                  
00000908  USBPWRCTL_L                                
00000909  USBPWRCTL_H                                
00000910  USBPLLCTL                                  
00000910  USBPLLCTL_L                                
00000911  USBPLLCTL_H                                
00000912  USBPLLDIVB                                 
00000912  USBPLLDIVB_L                               
00000913  USBPLLDIVB_H                               
00000914  USBPLLIR                                   
00000914  USBPLLIR_L                                 
00000915  USBPLLIR_H                                 
00000920  USBIEPCNF_0                                
00000921  USBIEPCNT_0                                
00000922  USBOEPCNF_0                                
00000923  USBOEPCNT_0                                
0000092e  USBIEPIE                                   
0000092f  USBOEPIE                                   
00000930  USBIEPIFG                                  
00000931  USBOEPIFG                                  
00000932  USBVECINT                                  
00000932  USBVECINT_L                                
00000933  USBVECINT_H                                
00000936  USBMAINT                                   
00000936  USBMAINT_L                                 
00000937  USBMAINT_H                                 
00000938  USBTSREG                                   
00000938  USBTSREG_L                                 
00000939  USBTSREG_H                                 
0000093a  USBFN                                      
0000093a  USBFN_L                                    
0000093b  USBFN_H                                    
0000093c  USBCTL                                     
0000093d  USBIE                                      
0000093e  USBIFG                                     
0000093f  USBFUNADR                                  
00001c00  USBSTABUFF                                 
0000236f  USBTOPBUFF                                 
00002370  USBOEP0BUF                                 
00002378  USBIEP0BUF                                 
00002380  USBSUBLK                                   
00002388  USBOEPCNF_1                                
00002389  USBOEPBBAX_1                               
0000238a  USBOEPBCTX_1                               
0000238d  USBOEPBBAY_1                               
0000238e  USBOEPBCTY_1                               
0000238f  USBOEPSIZXY_1                              
00002390  USBOEPCNF_2                                
00002391  USBOEPBBAX_2                               
00002392  USBOEPBCTX_2                               
00002395  USBOEPBBAY_2                               
00002396  USBOEPBCTY_2                               
00002397  USBOEPSIZXY_2                              
00002398  USBOEPCNF_3                                
00002399  USBOEPBBAX_3                               
0000239a  USBOEPBCTX_3                               
0000239d  USBOEPBBAY_3                               
0000239e  USBOEPBCTY_3                               
0000239f  USBOEPSIZXY_3                              
000023a0  USBOEPCNF_4                                
000023a1  USBOEPBBAX_4                               
000023a2  USBOEPBCTX_4                               
000023a5  USBOEPBBAY_4                               
000023a6  USBOEPBCTY_4                               
000023a7  USBOEPSIZXY_4                              
000023a8  USBOEPCNF_5                                
000023a9  USBOEPBBAX_5                               
000023aa  USBOEPBCTX_5                               
000023ad  USBOEPBBAY_5                               
000023ae  USBOEPBCTY_5                               
000023af  USBOEPSIZXY_5                              
000023b0  USBOEPCNF_6                                
000023b1  USBOEPBBAX_6                               
000023b2  USBOEPBCTX_6                               
000023b5  USBOEPBBAY_6                               
000023b6  USBOEPBCTY_6                               
000023b7  USBOEPSIZXY_6                              
000023b8  USBOEPCNF_7                                
000023b9  USBOEPBBAX_7                               
000023ba  USBOEPBCTX_7                               
000023bd  USBOEPBBAY_7                               
000023be  USBOEPBCTY_7                               
000023bf  USBOEPSIZXY_7                              
000023c8  USBIEPCNF_1                                
000023c9  USBIEPBBAX_1                               
000023ca  USBIEPBCTX_1                               
000023cd  USBIEPBBAY_1                               
000023ce  USBIEPBCTY_1                               
000023cf  USBIEPSIZXY_1                              
000023d0  USBIEPCNF_2                                
000023d1  USBIEPBBAX_2                               
000023d2  USBIEPBCTX_2                               
000023d5  USBIEPBBAY_2                               
000023d6  USBIEPBCTY_2                               
000023d7  USBIEPSIZXY_2                              
000023d8  USBIEPCNF_3                                
000023d9  USBIEPBBAX_3                               
000023da  USBIEPBCTX_3                               
000023dd  USBIEPBBAY_3                               
000023de  USBIEPBCTY_3                               
000023df  USBIEPSIZXY_3                              
000023e0  USBIEPCNF_4                                
000023e1  USBIEPBBAX_4                               
000023e2  USBIEPBCTX_4                               
000023e5  USBIEPBBAY_4                               
000023e6  USBIEPBCTY_4                               
000023e7  USBIEPSIZXY_4                              
000023e8  USBIEPCNF_5                                
000023e9  USBIEPBBAX_5                               
000023ea  USBIEPBCTX_5                               
000023ed  USBIEPBBAY_5                               
000023ee  USBIEPBCTY_5                               
000023ef  USBIEPSIZXY_5                              
000023f0  USBIEPCNF_6                                
000023f1  USBIEPBBAX_6                               
000023f2  USBIEPBCTX_6                               
000023f5  USBIEPBBAY_6                               
000023f6  USBIEPBCTY_6                               
000023f7  USBIEPSIZXY_6                              
000023f8  USBIEPCNF_7                                
000023f9  USBIEPBBAX_7                               
000023fa  USBIEPBCTX_7                               
000023fd  USBIEPBBAY_7                               
000023fe  USBIEPBCTY_7                               
000023ff  USBIEPSIZXY_7                              
00002400  g_sCrystalfontz128x128                     
0000242c  myACLK                                     
00002430  mySMCLK                                    
00002434  myMCLK                                     
00002440  g_sContext                                 
0000245c  Lcd_ScreenHeigth                           
0000245e  Lcd_ScreenWidth                            
00002460  Lcd_TouchTrim                              
00002462  Lcd_FlagRead                               
00002463  Lcd_FontSolid                              
00002464  Lcd_Orientation                            
00002465  Lcd_PenSolid                               
00004360  _stack                                     
00004400  __STACK_END                                
00004400  _c_int00_noargs_noexit                     
0000441a  __TI_ISR_TRAP                              
0000471a  g_sFontFixed6x8                            
0000484e  __TI_Handler_Table_Base                    
0000485a  __TI_Handler_Table_Limit                   
00004860  __TI_CINIT_Base                            
00004870  __TI_CINIT_Limit                           
0000ffd2  __TI_int41                                 
0000ffd4  __TI_int42                                 
0000ffd6  __TI_int43                                 
0000ffd8  __TI_int44                                 
0000ffda  __TI_int45                                 
0000ffdc  __TI_int46                                 
0000ffde  __TI_int47                                 
0000ffe0  __TI_int48                                 
0000ffe2  __TI_int49                                 
0000ffe4  __TI_int50                                 
0000ffe6  __TI_int51                                 
0000ffe8  __TI_int52                                 
0000ffea  __TI_int53                                 
0000ffec  __TI_int54                                 
0000ffee  __TI_int55                                 
0000fff0  __TI_int56                                 
0000fff2  __TI_int57                                 
0000fff4  __TI_int58                                 
0000fff6  __TI_int59                                 
0000fff8  __TI_int60                                 
0000fffa  __TI_int61                                 
0000fffc  __TI_int62                                 
0000fffe  _reset_vector                              
00010000  Graphics_drawString                        
00010810  Graphics_fillCircle                        
00010cfc  Crystalfontz128x128_Init                   
00010f32  main                                       
00011018  UCS_initFLL                                
000110fa  PMM_setVCoreUp                             
000112b8  Graphics_drawLineH                         
00011394  Graphics_getStringWidth                    
00011456  Graphics_fillRectangle                     
00011504  Crystalfontz128x128_SetDrawFrame           
000115ac  UCS_initClockSignal                        
00011652  PMM_setVCoreDown                           
000116f4  _auto_init_hold_wdt                        
00011776  Graphics_drawStringCentered                
000117ee  __TI_decompress_lzss                       
00011864  copy_in                                    
000118c8  USCI_B_SPI_initMaster                      
0001197e  __mspabi_divul                             
0001197e  __mspabi_remul                             
000119d6  HAL_LCD_SpiInit                            
00011a2a  PMM_setVCore                               
00011ac6  Crystalfontz128x128_SetOrientation         
00011b4e  __mspabi_divli                             
00011b4e  __mspabi_remli                             
00011b8e  __mspabi_srll_15                           
00011b92  __mspabi_srll_14                           
00011b96  __mspabi_srll_13                           
00011b9a  __mspabi_srll_12                           
00011b9e  __mspabi_srll_11                           
00011ba2  __mspabi_srll_10                           
00011ba6  __mspabi_srll_9                            
00011baa  __mspabi_srll_8                            
00011bae  __mspabi_srll_7                            
00011bb2  __mspabi_srll_6                            
00011bb6  __mspabi_srll_5                            
00011bba  __mspabi_srll_4                            
00011bbe  __mspabi_srll_3                            
00011bc2  __mspabi_srll_2                            
00011bc6  __mspabi_srll_1                            
00011c08  Graphics_initContext                       
00011c7e  HAL_LCD_writeCommand                       
00011cb8  UCS_initFLLSettle                          
00011cee  HAL_LCD_PortInit                           
00011d7c  __mspabi_divi                              
00011d7c  __mspabi_remi                              
00011da8  HAL_LCD_writeData                          
00011dd2  initClocks                                 
00011dfc  GPIO_setAsOutputPin                        
00011e24  GPIO_setAsPeripheralModuleFunctionOutputPin
00011e4c  __TI_zero_init                             
00011e70  __mspabi_mpyl_f5hw                         
00011e94  WDT_A_hold                                 
00011eb4  UCS_getACLK                                
00011ed2  GPIO_setOutputHighOnPin                    
00011eee  GPIO_setOutputLowOnPin                     
00011f0a  Graphics_drawHorizontalLineOnDisplay       
00011f24  UCS_getSMCLK                               
00011f3e  Graphics_setBackgroundColor                
00011f56  Graphics_setForegroundColor                
00011f6e  __mspabi_mpyi_f5hw                         
00011f86  UCS_getMCLK                                
00011f9c  __mspabi_divu                              
00011f9c  __mspabi_remu                              
00011fb2  memcpy                                     
00011fc6  __TI_decompress_none                       
00011fd8  Graphics_clearDisplay                      
00011fe8  Graphics_clearDisplayOnDisplay             
00011ff6  Graphics_drawPixelOnDisplay                
00012004  Graphics_fillRectangleOnDisplay            
00012012  Graphics_translateColorOnDisplay           
00012020  USCI_B_SPI_isBusy                          
0001202c  USCI_B_SPI_transmitData                    
00012036  initWatchdog                               
00012040  __mspabi_slli                              
0001204a  __mspabi_srli                              
00012054  Graphics_setFont                           
0001205a  USCI_B_SPI_enable                          
00012060  C$$EXIT                                    
00012060  abort                                      
00012066  _system_pre_init                           
0001206c  _system_post_cinit                         
ffffffff  __TI_pprof_out_hndl                        
ffffffff  __TI_prof_data_size                        
ffffffff  __TI_prof_data_start                       
ffffffff  __c_args__                                 
UNDEFED   __TI_BINIT_Base                            
UNDEFED   __TI_BINIT_Limit                           
UNDEFED   __TI_INITARRAY_Base                        
UNDEFED   __TI_INITARRAY_Limit                       

[882 symbols]
